
Discarded input sections

 .bss           0x00000000        0x0 /tmp/ccC1Z9bm.o
 .bss           0x00000000        0x0 /tmp/cc80owa4.o
 .bss           0x00000000        0x0 /tmp/cc9qQIMt.o
 .bss           0x00000000        0x0 /tmp/ccSw97xg.o
 .bss           0x00000000        0x0 /tmp/cctGBbyl.o
 .bss           0x00000000        0x0 /tmp/ccxYK79d.o
 .bss           0x00000000        0x0 /tmp/ccauM4yZ.o
 .bss           0x00000000        0x0 /tmp/cci79eYF.o

Memory Configuration

Name             Origin             Length             Attributes
FLASH            0x08000000         0x00010000         xr
RAM              0x20000000         0x00020000         xrw
*default*        0x00000000         0xffffffff

Linker script and memory map

LOAD /tmp/ccC1Z9bm.o
LOAD /tmp/cc80owa4.o
LOAD /tmp/cc9qQIMt.o
LOAD /tmp/ccSw97xg.o
LOAD /tmp/cctGBbyl.o
LOAD /tmp/ccxYK79d.o
LOAD /tmp/cc3NyFCa.o
LOAD /tmp/ccauM4yZ.o
LOAD /tmp/cci79eYF.o

.isr_vector     0x08000000      0x100
                0x08000000                        . = ALIGN (0x4)
 *(.isr_vector)
 .isr_vector    0x08000000      0x100 /tmp/cci79eYF.o
                0x08000000                IV
                0x08000100                        . = ALIGN (0x4)

.text           0x08000100      0x874
                0x08000100                        _start_text = .
 *(.text*)
 .text          0x08000100      0x130 /tmp/ccC1Z9bm.o
                0x0800016c                button_setup
                0x0800020c                get_button_state
 .text          0x08000230       0xf4 /tmp/cc80owa4.o
                0x08000230                led_setup
                0x080002b0                led_on
                0x080002d8                led_off
                0x08000300                led_toggle
 .text          0x08000324      0x1a8 /tmp/cc9qQIMt.o
                0x08000324                flash_init
                0x08000344                clock_config
                0x08000478                Delay
                0x080004b4                SoftwareReset
 .text          0x080004cc       0x64 /tmp/ccSw97xg.o
                0x080004cc                systick_enable
                0x08000500                systick_disable
                0x0800051c                get_tick
 .text          0x08000530      0x110 /tmp/cctGBbyl.o
                0x0800059c                timer_init
                0x080005e4                timer_start_IT
 .text          0x08000640      0x12c /tmp/ccxYK79d.o
                0x080006b4                uart_init
                0x08000728                uart_write
 .text          0x0800076c       0x1c /tmp/cc3NyFCa.o
                0x0800076c                isr_systick
 .text          0x08000788      0x114 /tmp/ccauM4yZ.o
                0x08000788                main_bl
                0x0800085c                update_application
                0x0800087c                crc_check_image
 .text          0x0800089c       0x58 /tmp/cci79eYF.o
                0x0800089c                isr_reset
                0x080008e0                isr_fault
                0x080008e8                isr_empty
 *(.rodata*)
 .rodata        0x080008f4       0x7f /tmp/ccauM4yZ.o
                0x08000974                        . = ALIGN (0x4)
 *fill*         0x08000973        0x1 
                0x08000974                        _end_text = .
                0x08000974                        _stored_data = .

.glue_7         0x08000974        0x0
 .glue_7        0x08000974        0x0 linker stubs

.glue_7t        0x08000974        0x0
 .glue_7t       0x08000974        0x0 linker stubs

.vfp11_veneer   0x08000974        0x0
 .vfp11_veneer  0x08000974        0x0 linker stubs

.v4_bx          0x08000974        0x0
 .v4_bx         0x08000974        0x0 linker stubs

.iplt           0x08000974        0x0
 .iplt          0x08000974        0x0 /tmp/cc80owa4.o

.rel.dyn        0x08000974        0x0
 .rel.iplt      0x08000974        0x0 /tmp/cc80owa4.o

.data           0x20000000        0x0 load address 0x08000974
                0x20000000                        _start_data = .
 *(.data*)
 .data          0x20000000        0x0 /tmp/ccC1Z9bm.o
 .data          0x20000000        0x0 /tmp/cc80owa4.o
 .data          0x20000000        0x0 /tmp/cc9qQIMt.o
 .data          0x20000000        0x0 /tmp/ccSw97xg.o
 .data          0x20000000        0x0 /tmp/cctGBbyl.o
 .data          0x20000000        0x0 /tmp/ccxYK79d.o
 .data          0x20000000        0x0 /tmp/cc3NyFCa.o
 .data          0x20000000        0x0 /tmp/ccauM4yZ.o
 .data          0x20000000        0x0 /tmp/cci79eYF.o
                0x20000000                        . = ALIGN (0x4)
                0x20000000                        _end_data = .

.igot.plt       0x20000000        0x0 load address 0x08000974
 .igot.plt      0x20000000        0x0 /tmp/cc80owa4.o

.bss            0x20000000        0x4 load address 0x08000974
                0x20000000                        _start_bss = .
 *(.bss*)
 .bss           0x20000000        0x4 /tmp/cc3NyFCa.o
                0x20000000                ticks
 *(COMMON)
                0x20000004                        . = ALIGN (0x4)
                0x20000004                        _end_bss = .
                0x20000004                        _end = .
                0x20000004                        . = ALIGN (0x4)
                0x20020000                        END_STACK = (ORIGIN (RAM) + LENGTH (RAM))
OUTPUT(build/bootloader.elf elf32-littlearm)
LOAD linker stubs

.debug_info     0x00000000      0xcc3
 .debug_info    0x00000000      0x22a /tmp/ccC1Z9bm.o
 .debug_info    0x0000022a      0x143 /tmp/cc80owa4.o
 .debug_info    0x0000036d      0x145 /tmp/cc9qQIMt.o
 .debug_info    0x000004b2       0xbb /tmp/ccSw97xg.o
 .debug_info    0x0000056d      0x165 /tmp/cctGBbyl.o
 .debug_info    0x000006d2      0x22f /tmp/ccxYK79d.o
 .debug_info    0x00000901       0xa2 /tmp/cc3NyFCa.o
 .debug_info    0x000009a3      0x1cf /tmp/ccauM4yZ.o
 .debug_info    0x00000b72      0x151 /tmp/cci79eYF.o

.debug_abbrev   0x00000000      0x76e
 .debug_abbrev  0x00000000      0x116 /tmp/ccC1Z9bm.o
 .debug_abbrev  0x00000116       0xa4 /tmp/cc80owa4.o
 .debug_abbrev  0x000001ba       0xf8 /tmp/cc9qQIMt.o
 .debug_abbrev  0x000002b2       0x82 /tmp/ccSw97xg.o
 .debug_abbrev  0x00000334       0xdd /tmp/cctGBbyl.o
 .debug_abbrev  0x00000411       0xf9 /tmp/ccxYK79d.o
 .debug_abbrev  0x0000050a       0x6c /tmp/cc3NyFCa.o
 .debug_abbrev  0x00000576      0x110 /tmp/ccauM4yZ.o
 .debug_abbrev  0x00000686       0xe8 /tmp/cci79eYF.o

.debug_aranges  0x00000000      0x120
 .debug_aranges
                0x00000000       0x20 /tmp/ccC1Z9bm.o
 .debug_aranges
                0x00000020       0x20 /tmp/cc80owa4.o
 .debug_aranges
                0x00000040       0x20 /tmp/cc9qQIMt.o
 .debug_aranges
                0x00000060       0x20 /tmp/ccSw97xg.o
 .debug_aranges
                0x00000080       0x20 /tmp/cctGBbyl.o
 .debug_aranges
                0x000000a0       0x20 /tmp/ccxYK79d.o
 .debug_aranges
                0x000000c0       0x20 /tmp/cc3NyFCa.o
 .debug_aranges
                0x000000e0       0x20 /tmp/ccauM4yZ.o
 .debug_aranges
                0x00000100       0x20 /tmp/cci79eYF.o

.debug_line     0x00000000      0x92f
 .debug_line    0x00000000      0x125 /tmp/ccC1Z9bm.o
 .debug_line    0x00000125       0xf6 /tmp/cc80owa4.o
 .debug_line    0x0000021b      0x1c9 /tmp/cc9qQIMt.o
 .debug_line    0x000003e4       0xb8 /tmp/ccSw97xg.o
 .debug_line    0x0000049c      0x105 /tmp/cctGBbyl.o
 .debug_line    0x000005a1      0x138 /tmp/ccxYK79d.o
 .debug_line    0x000006d9       0x89 /tmp/cc3NyFCa.o
 .debug_line    0x00000762      0x119 /tmp/ccauM4yZ.o
 .debug_line    0x0000087b       0xb4 /tmp/cci79eYF.o

.debug_str      0x00000000      0x437
 .debug_str     0x00000000      0x437 /tmp/ccC1Z9bm.o
                                0x1e7 (size before relaxing)
 .debug_str     0x00000437      0x17e /tmp/cc80owa4.o
 .debug_str     0x00000437      0x194 /tmp/cc9qQIMt.o
 .debug_str     0x00000437      0x14d /tmp/ccSw97xg.o
 .debug_str     0x00000437      0x182 /tmp/cctGBbyl.o
 .debug_str     0x00000437      0x1aa /tmp/ccxYK79d.o
 .debug_str     0x00000437      0x13a /tmp/cc3NyFCa.o
 .debug_str     0x00000437      0x1d7 /tmp/ccauM4yZ.o
 .debug_str     0x00000437      0x199 /tmp/cci79eYF.o

.comment        0x00000000       0x26
 .comment       0x00000000       0x26 /tmp/ccC1Z9bm.o
                                 0x27 (size before relaxing)
 .comment       0x00000026       0x27 /tmp/cc80owa4.o
 .comment       0x00000026       0x27 /tmp/cc9qQIMt.o
 .comment       0x00000026       0x27 /tmp/ccSw97xg.o
 .comment       0x00000026       0x27 /tmp/cctGBbyl.o
 .comment       0x00000026       0x27 /tmp/ccxYK79d.o
 .comment       0x00000026       0x27 /tmp/cc3NyFCa.o
 .comment       0x00000026       0x27 /tmp/ccauM4yZ.o
 .comment       0x00000026       0x27 /tmp/cci79eYF.o

.ARM.attributes
                0x00000000       0x2e
 .ARM.attributes
                0x00000000       0x2e /tmp/ccC1Z9bm.o
 .ARM.attributes
                0x0000002e       0x2e /tmp/cc80owa4.o
 .ARM.attributes
                0x0000005c       0x2e /tmp/cc9qQIMt.o
 .ARM.attributes
                0x0000008a       0x2e /tmp/ccSw97xg.o
 .ARM.attributes
                0x000000b8       0x2e /tmp/cctGBbyl.o
 .ARM.attributes
                0x000000e6       0x2e /tmp/ccxYK79d.o
 .ARM.attributes
                0x00000114       0x2e /tmp/cc3NyFCa.o
 .ARM.attributes
                0x00000142       0x2e /tmp/ccauM4yZ.o
 .ARM.attributes
                0x00000170       0x2e /tmp/cci79eYF.o

.debug_frame    0x00000000      0x458
 .debug_frame   0x00000000       0x9c /tmp/ccC1Z9bm.o
 .debug_frame   0x0000009c       0x8c /tmp/cc80owa4.o
 .debug_frame   0x00000128       0x94 /tmp/cc9qQIMt.o
 .debug_frame   0x000001bc       0x70 /tmp/ccSw97xg.o
 .debug_frame   0x0000022c       0xa4 /tmp/cctGBbyl.o
 .debug_frame   0x000002d0       0x84 /tmp/ccxYK79d.o
 .debug_frame   0x00000354       0x30 /tmp/cc3NyFCa.o
 .debug_frame   0x00000384       0x6c /tmp/ccauM4yZ.o
 .debug_frame   0x000003f0       0x68 /tmp/cci79eYF.o
